MPLINK 4.38, Linker
Linker Map File - Created Sun Apr 03 17:41:50 2011

                                 Section Info
                  Section       Type    Address   Location Size(Bytes)
                ---------  ---------  ---------  ---------  ---------
                   .org_0       code   0x000000    program   0x000086
    .config_2007_SENSOR.O       code   0x002007    program   0x000002



                              Program Memory Usage 
                               Start         End      
                           ---------   ---------      
                            0x000000    0x000042      
                            0x002007    0x002007      
            68 out of 8454 program addresses used, program memory utilization is 0%



                              Symbols - Sorted by Name
                     Name    Address   Location    Storage File                     
                ---------  ---------  ---------  --------- ---------                
                   INICIO   0x000011    program     static C:\Documents and Settings\Administrador\Escritorio\Sensores_2\sensor.asm
                  PONER_0   0x00003a    program     static C:\Documents and Settings\Administrador\Escritorio\Sensores_2\sensor.asm
                  PONER_1   0x000037    program     static C:\Documents and Settings\Administrador\Escritorio\Sensores_2\sensor.asm
                  PONER_2   0x00003d    program     static C:\Documents and Settings\Administrador\Escritorio\Sensores_2\sensor.asm
                  PONER_3   0x000040    program     static C:\Documents and Settings\Administrador\Escritorio\Sensores_2\sensor.asm
                     PRE1   0x00001d    program     static C:\Documents and Settings\Administrador\Escritorio\Sensores_2\sensor.asm
                     PRE3   0x00002a    program     static C:\Documents and Settings\Administrador\Escritorio\Sensores_2\sensor.asm
                    ZONA2   0x000017    program     static C:\Documents and Settings\Administrador\Escritorio\Sensores_2\sensor.asm



                              Symbols - Sorted by Address
                     Name    Address   Location    Storage File                     
                ---------  ---------  ---------  --------- ---------                
                   INICIO   0x000011    program     static C:\Documents and Settings\Administrador\Escritorio\Sensores_2\sensor.asm
                    ZONA2   0x000017    program     static C:\Documents and Settings\Administrador\Escritorio\Sensores_2\sensor.asm
                     PRE1   0x00001d    program     static C:\Documents and Settings\Administrador\Escritorio\Sensores_2\sensor.asm
                     PRE3   0x00002a    program     static C:\Documents and Settings\Administrador\Escritorio\Sensores_2\sensor.asm
                  PONER_1   0x000037    program     static C:\Documents and Settings\Administrador\Escritorio\Sensores_2\sensor.asm
                  PONER_0   0x00003a    program     static C:\Documents and Settings\Administrador\Escritorio\Sensores_2\sensor.asm
                  PONER_2   0x00003d    program     static C:\Documents and Settings\Administrador\Escritorio\Sensores_2\sensor.asm
                  PONER_3   0x000040    program     static C:\Documents and Settings\Administrador\Escritorio\Sensores_2\sensor.asm


